// Jest Snapshot v1, https://goo.gl/fbAQLP

exports[`<SubscriptionConfirmation /> renders the component 1`] = `
Object {
  "asFragment": [Function],
  "baseElement": <body>
    <div>
      <section>
        <div
          class="loading"
        >
          <span
            class="css-1xdhyk6"
          >
            <span
              class="css-1puqkdb"
            />
            <span
              class="css-10y34i5"
            />
            <span
              class="css-1puqkdb"
            />
          </span>
        </div>
        <div
          class="summaries"
        >
          <div
            class="summariesColumn"
          >
            <article
              class="summary"
            >
              <h2>
                Previous Subscription
              </h2>
              <div
                class="row"
              >
                <p
                  class="label"
                >
                  Plan
                </p>
                <p
                  class="value updated"
                >
                  Basic
                </p>
              </div>
              <div
                class="row"
              >
                <p
                  class="label"
                >
                  Seats
                </p>
                <p
                  class="value updated"
                >
                  5
                </p>
              </div>
              <div
                class="row"
              >
                <p
                  class="label"
                >
                  Price
                </p>
                <p
                  class="value updated"
                >
                  5
                </p>
              </div>
            </article>
            <div
              class="buttonRow"
            >
              <button
                class="button"
              >
                Back
              </button>
            </div>
          </div>
          <div
            class="summariesColumn"
          >
            <article
              class="summary"
            >
              <h2>
                Updated Subscription
              </h2>
              <div
                class="row"
              >
                <p
                  class="label"
                >
                  Plan
                </p>
                <p
                  class="value updated"
                />
              </div>
              <div
                class="row"
              >
                <p
                  class="label"
                >
                  Seats
                </p>
                <p
                  class="value updated"
                >
                  0
                </p>
              </div>
              <div
                class="row"
              >
                <p
                  class="label"
                >
                  Price
                </p>
                <p
                  class="value updated"
                >
                  0
                </p>
              </div>
            </article>
          </div>
        </div>
      </section>
    </div>
    <div
      class="react-toast-notifications__container css-19n335a-ToastContainer"
    />
  </body>,
  "container": <div>
    <section>
      <div
        class="loading"
      >
        <span
          class="css-1xdhyk6"
        >
          <span
            class="css-1puqkdb"
          />
          <span
            class="css-10y34i5"
          />
          <span
            class="css-1puqkdb"
          />
        </span>
      </div>
      <div
        class="summaries"
      >
        <div
          class="summariesColumn"
        >
          <article
            class="summary"
          >
            <h2>
              Previous Subscription
            </h2>
            <div
              class="row"
            >
              <p
                class="label"
              >
                Plan
              </p>
              <p
                class="value updated"
              >
                Basic
              </p>
            </div>
            <div
              class="row"
            >
              <p
                class="label"
              >
                Seats
              </p>
              <p
                class="value updated"
              >
                5
              </p>
            </div>
            <div
              class="row"
            >
              <p
                class="label"
              >
                Price
              </p>
              <p
                class="value updated"
              >
                5
              </p>
            </div>
          </article>
          <div
            class="buttonRow"
          >
            <button
              class="button"
            >
              Back
            </button>
          </div>
        </div>
        <div
          class="summariesColumn"
        >
          <article
            class="summary"
          >
            <h2>
              Updated Subscription
            </h2>
            <div
              class="row"
            >
              <p
                class="label"
              >
                Plan
              </p>
              <p
                class="value updated"
              />
            </div>
            <div
              class="row"
            >
              <p
                class="label"
              >
                Seats
              </p>
              <p
                class="value updated"
              >
                0
              </p>
            </div>
            <div
              class="row"
            >
              <p
                class="label"
              >
                Price
              </p>
              <p
                class="value updated"
              >
                0
              </p>
            </div>
          </article>
        </div>
      </div>
    </section>
  </div>,
  "debug": [Function],
  "findAllByAltText": [Function],
  "findAllByDisplayValue": [Function],
  "findAllByLabelText": [Function],
  "findAllByPlaceholderText": [Function],
  "findAllByRole": [Function],
  "findAllByTestId": [Function],
  "findAllByText": [Function],
  "findAllByTitle": [Function],
  "findByAltText": [Function],
  "findByDisplayValue": [Function],
  "findByLabelText": [Function],
  "findByPlaceholderText": [Function],
  "findByRole": [Function],
  "findByTestId": [Function],
  "findByText": [Function],
  "findByTitle": [Function],
  "getAllByAltText": [Function],
  "getAllByDisplayValue": [Function],
  "getAllByLabelText": [Function],
  "getAllByPlaceholderText": [Function],
  "getAllByRole": [Function],
  "getAllByTestId": [Function],
  "getAllByText": [Function],
  "getAllByTitle": [Function],
  "getByAltText": [Function],
  "getByDisplayValue": [Function],
  "getByLabelText": [Function],
  "getByPlaceholderText": [Function],
  "getByRole": [Function],
  "getByTestId": [Function],
  "getByText": [Function],
  "getByTitle": [Function],
  "queryAllByAltText": [Function],
  "queryAllByDisplayValue": [Function],
  "queryAllByLabelText": [Function],
  "queryAllByPlaceholderText": [Function],
  "queryAllByRole": [Function],
  "queryAllByTestId": [Function],
  "queryAllByText": [Function],
  "queryAllByTitle": [Function],
  "queryByAltText": [Function],
  "queryByDisplayValue": [Function],
  "queryByLabelText": [Function],
  "queryByPlaceholderText": [Function],
  "queryByRole": [Function],
  "queryByTestId": [Function],
  "queryByText": [Function],
  "queryByTitle": [Function],
  "rerender": [Function],
  "unmount": [Function],
}
`;
